Microchip MPLAB XC8 Compiler V1.21 ()

Linker command line:

--edf=C:\Program Files\Microchip\xc8\v1.21\dat\en_msgs.txt -cs \
  -h+dist/default/production\pr17B.X.production.sym \
  --cmf=dist/default/production\pr17B.X.production.cmf -z -Q16F877A \
  -oC:\DOCUME~1\Sales\LOCALS~1\Temp\s39o.6 \
  -Mdist/default/production/pr17B.X.production.map -E1 -ver=XC8 \
  -ACONST=00h-0FFhx32 -ACODE=00h-07FFhx4 -ASTRCODE=00h-01FFFh \
  -AENTRY=00h-0FFhx32 -ASTRING=00h-0FFhx32 -ACOMMON=070h-07Fh \
  -ABANK0=020h-06Fh -ABANK1=0A0h-0EFh -ABANK2=0110h-016Fh \
  -ABANK3=0190h-01EFh -ARAM=020h-06Fh,0A0h-0EFh,0110h-016Fh,0190h-01EFh \
  -AABS1=020h-07Fh,0A0h-0EFh,0110h-016Fh,0190h-01EFh -ASFR0=00h-01Fh \
  -ASFR1=080h-09Fh -ASFR2=0100h-010Fh -ASFR3=0180h-018Fh \
  -preset_vec=00h,intentry,init,end_init -ppowerup=CODE -pcinit=CODE \
  -pfunctab=CODE -ACONFIG=02007h-02007h -pconfig=CONFIG -DCONFIG=2 \
  -AIDLOC=02000h-02003h -pidloc=IDLOC -DIDLOC=2 -AEEDATA=00h-0FFh/02100h \
  -peeprom_data=EEDATA -DEEDATA=2 -DCODE=2 -DSTRCODE=2 -DSTRING=2 -DCONST=2 \
  -DENTRY=2 -k C:\DOCUME~1\Sales\LOCALS~1\Temp\s39o.obj \
  dist/default/production\pr17B.X.production.obj 

Object code version is 3.11

Machine type is 16F877A



                Name                               Link     Load   Length Selector   Space Scale
C:\DOCUME~1\Sales\LOCALS~1\Temp\s39o.obj
                end_init                              0        0        3        0       0
                config                             2007     2007        1     400E       0
dist/default/production\pr17B.X.production.obj
                cinit                               7ED      7ED       13      FDA       0
                text29                              FB6      FB6       23     1F6C       0
                text28                              F97      F97       1F     1F2E       0
                text27                              F2F      F2F       17     1E5E       0
                text26                              ED5      ED5        F     1DAA       0
                text25                              EC8      EC8        D     1D90       0
                text24                              EF5      EF5       12     1DEA       0
                text23                              521      521       88      A42       0
                text22                              F19      F19       16     1E32       0
                text21                              F46      F46       17     1E8C       0
                text20                              FD9      FD9       27     1FB2       0
                text19                              F5D      F5D       1D     1EBA       0
                text18                              F07      F07       12     1E0E       0
                text17                               DC       DC       59      1B8       0
                text16                              357      357       72      6AE       0
                text15                              F7A      F7A       1D     1EF4       0
                text14                              753      753       9A      EA6       0
                text13                               46       46       4B       8C       0
                text12                               91       91       4B      122       0
                text11                              135      135       6C      26A       0
                text10                              3C9      3C9       72      792       0
                text9                               43B      43B       72      876       0
                text8                               1A1      1A1       6C      342       0
                text7                                 9        9       3D       12       0
                text6                               6C1      6C1       92      D82       0
                text5                               4AD      4AD       74      95A       0
                text4                               279      279       6F      4F2       0
                text3                               2E8      2E8       6F      5D0       0
                text2                               20D      20D       6C      41A       0
                text1                               631      631       90      C62       0
                maintext                            5A9      5A9       88      B52       0
                cstackBANK0                          28       28        5       20       1
                cstackCOMMON                         70       70        E       70       1
                inittext                            EE4      EE4       11     1DC8       0
                dataBANK0                            20       20        8       20       1
                bssBANK0                             2D       2D        3       20       1
                stringtext                          800      800      1C4       10       0
                idataBANK0                          EC0      EC0        8     1D80       0

TOTAL           Name                               Link     Load   Length     Space
        CLASS   CONST          

        CLASS   CODE           
                end_init                              0        0        3         0
                cinit                               7ED      7ED       13         0
                text29                              FB6      FB6       23         0
                text28                              F97      F97       1F         0
                text27                              F2F      F2F       17         0
                text26                              ED5      ED5        F         0
                text25                              EC8      EC8        D         0
                text24                              EF5      EF5       12         0
                text23                              521      521       88         0
                text22                              F19      F19       16         0
                text21                              F46      F46       17         0
                text20                              FD9      FD9       27         0
                text19                              F5D      F5D       1D         0
                text18                              F07      F07       12         0
                text17                               DC       DC       59         0
                text16                              357      357       72         0
                text15                              F7A      F7A       1D         0
                text14                              753      753       9A         0
                text13                               46       46       4B         0
                text12                               91       91       4B         0
                text11                              135      135       6C         0
                text10                              3C9      3C9       72         0
                text9                               43B      43B       72         0
                text8                               1A1      1A1       6C         0
                text7                                 9        9       3D         0
                text6                               6C1      6C1       92         0
                text5                               4AD      4AD       74         0
                text4                               279      279       6F         0
                text3                               2E8      2E8       6F         0
                text2                               20D      20D       6C         0
                text1                               631      631       90         0
                maintext                            5A9      5A9       88         0
                inittext                            EE4      EE4       11         0
                idataBANK0                          EC0      EC0        8         0

        CLASS   STRCODE        
                stringtext                          800      800      1C4         0

        CLASS   ENTRY          

        CLASS   STRING         

        CLASS   COMMON         
                cstackCOMMON                         70       70        E         1

        CLASS   BANK0          
                cstackBANK0                          28       28        5         1
                dataBANK0                            20       20        8         1
                bssBANK0                             2D       2D        3         1

        CLASS   BANK1          

        CLASS   BANK2          

        CLASS   BANK3          

        CLASS   RAM            

        CLASS   ABS1           
                abs_s1                               7E       7E        2         1

        CLASS   SFR0           

        CLASS   SFR1           

        CLASS   SFR2           

        CLASS   SFR3           

        CLASS   CONFIG         
                config                             2007     2007        1         0

        CLASS   IDLOC          

        CLASS   EEDATA         



SEGMENTS        Name                           Load    Length   Top    Selector   Space  Class     Delta

                reset_vec                      000000  000003  000003         0       0  CODE        2
                text7                          000009  00003D  000046        12       0  CODE        2
                dataBANK0                      000020  000010  000030        20       1  BANK0       1
                cstackCOMMON                   000070  00000E  00007E        70       1  COMMON      1
                text13                         000046  00004B  000091        8C       0  CODE        2
                text12                         000091  00004B  0000DC       122       0  CODE        2
                text17                         0000DC  000059  000135       1B8       0  CODE        2
                text11                         000135  00006C  0001A1       26A       0  CODE        2
                text8                          0001A1  00006C  00020D       342       0  CODE        2
                text2                          00020D  00006C  000279       41A       0  CODE        2
                text4                          000279  00006F  0002E8       4F2       0  CODE        2
                text3                          0002E8  00006F  000357       5D0       0  CODE        2
                text16                         000357  000072  0003C9       6AE       0  CODE        2
                text10                         0003C9  000072  00043B       792       0  CODE        2
                text9                          00043B  000072  0004AD       876       0  CODE        2
                text5                          0004AD  000074  000521       95A       0  CODE        2
                text23                         000521  000088  0005A9       A42       0  CODE        2
                maintext                       0005A9  000088  000631       B52       0  CODE        2
                text1                          000631  000090  0006C1       C62       0  CODE        2
                text6                          0006C1  000092  000753       D82       0  CODE        2
                text14                         000753  00009A  0007ED       EA6       0  CODE        2
                cinit                          0007ED  000013  000800       FDA       0  CODE        2
                stringtext                     000800  0001C4  0009C4        10       0  STRCODE     2
                idataBANK0                     000EC0  000008  000EC8      1D80       0  CODE        2
                text25                         000EC8  00000D  000ED5      1D90       0  CODE        2
                text26                         000ED5  00000F  000EE4      1DAA       0  CODE        2
                inittext                       000EE4  000011  000EF5      1DC8       0  CODE        2
                text24                         000EF5  000012  000F07      1DEA       0  CODE        2
                text18                         000F07  000012  000F19      1E0E       0  CODE        2
                text22                         000F19  000016  000F2F      1E32       0  CODE        2
                text27                         000F2F  000017  000F46      1E5E       0  CODE        2
                text21                         000F46  000017  000F5D      1E8C       0  CODE        2
                text19                         000F5D  00001D  000F7A      1EBA       0  CODE        2
                text15                         000F7A  00001D  000F97      1EF4       0  CODE        2
                text28                         000F97  00001F  000FB6      1F2E       0  CODE        2
                text29                         000FB6  000023  000FD9      1F6C       0  CODE        2
                text20                         000FD9  000027  001000      1FB2       0  CODE        2
                config                         002007  000001  002008      400E       0  CONFIG      2


UNUSED ADDRESS RANGES

        Name                Unused          Largest block    Delta
        BANK0            0030-006F             40           1
        BANK1            00A0-00EF             50           1
        BANK2            0110-016F             60           1
        BANK3            0190-01EF             60           1
        CODE             0003-0008              6           2
                         09C4-0EBF            4FC
                         1000-1FFF            800
        CONST            0003-0008              6           2
                         09C4-0EBF            100
                         1000-1FFF            100
        EEDATA           2100-21FF            100           2
        ENTRY            0003-0008              6           2
                         09C4-0EBF            100
                         1000-1FFF            100
        IDLOC            2000-2003              4           2
        RAM              0030-006F             40           1
                         00A0-00EF             50
                         0110-016F             60
                         0190-01EF             60
        SFR0             0000-001F             20           1
        SFR1             0080-009F             20           1
        SFR2             0100-010F             10           1
        SFR3             0180-018F             10           1
        STRCODE          0003-0008              6           2
                         09C4-0EBF            4FC
                         1000-1FFF           1000
        STRING           0003-0008              6           2
                         09C4-0EBF            100
                         1000-1FFF            100

                                  Symbol Table

?_delay                       cstackCOMMON 0070
?_send_string                 cstackCOMMON 0079
?_tmr_delay                   cstackCOMMON 0070
Erase@i                       cstackCOMMON 007C
Option@i                      cstackCOMMON 007C
Play@i                        cstackCOMMON 007C
Record@i                      cstackBANK0  0028
Spi@i                         cstackBANK0  002A
Stand@i                       cstackBANK0  0028
_ADCON1                       (abs)        009F
_BF                           (abs)        04A0
_CKE                          (abs)        04A6
_CKP                          (abs)        00A4
_ERASE                        stringtext   082A
_Erase                        text11       0135
_Forward                      text15       0F7A
_Init                         text23       0521
_Option                       text16       0357
_PORTA                        (abs)        0005
_PORTB                        (abs)        0006
_PORTD                        (abs)        0008
_PORTE                        (abs)        0009
_PS0                          (abs)        0408
_PS1                          (abs)        0409
_PS2                          (abs)        040A
_PSA                          (abs)        040B
_Play                         text2        020D
_Play_s                       text19       0F5D
_RA0                          (abs)        0028
_RC0                          (abs)        0038
_RD3                          (abs)        0043
_RD4                          (abs)        0044
_RD5                          (abs)        0045
_RD6                          (abs)        0046
_RD7                          (abs)        0047
_RE1                          (abs)        0049
_RE2                          (abs)        004A
_Record                       text5        04AD
_Record_s                     text17       00DC
_SMP                          (abs)        04A7
_SPI                          stringtext   081F
_SSPBUF                       (abs)        0013
_SSPEN                        (abs)        00A5
_SSPM0                        (abs)        00A0
_SSPM1                        (abs)        00A1
_SSPM2                        (abs)        00A2
_SSPM3                        (abs)        00A3
_STD                          stringtext   0812
_Spi                          text1        0631
_Stand                        text14       0753
_T0CS                         (abs)        040D
_TMR0                         (abs)        0001
_TRISA                        (abs)        0085
_TRISB                        (abs)        0086
_TRISC                        (abs)        0087
_TRISC5                       (abs)        043D
_TRISD                        (abs)        0088
_TRISE                        (abs)        0089
_WCOL                         (abs)        00A7
__CFG_BOREN$OFF               (abs)        0000
__CFG_CP$OFF                  (abs)        0000
__CFG_CPD$OFF                 (abs)        0000
__CFG_DEBUG$OFF               (abs)        0000
__CFG_FOSC$HS                 (abs)        0000
__CFG_LVP$OFF                 (abs)        0000
__CFG_PWRTE$ON                (abs)        0000
__CFG_WDTE$OFF                (abs)        0000
__CFG_WRT$OFF                 (abs)        0000
__Habs1                       abs1         0000
__Hbank0                      bank0        0000
__Hbank1                      bank1        0000
__Hbank2                      bank2        0000
__Hbank3                      bank3        0000
__HbssBANK0                   bssBANK0     0000
__Hcinit                      cinit        0800
__Hclrtext                    clrtext      0000
__Hcode                       code         0000
__Hcommon                     common       0000
__Hconfig                     config       2008
__HcstackBANK0                cstackBANK0  0000
__HcstackCOMMON               cstackCOMMON 0000
__HdataBANK0                  dataBANK0    0000
__Heeprom_data                eeprom_data  0000
__Hend_init                   end_init     0003
__Hfunctab                    functab      0000
__HidataBANK0                 idataBANK0   0000
__Hidloc                      idloc        0000
__Hinit                       init         0000
__Hinittext                   inittext     0000
__Hintentry                   intentry     0000
__Hmaintext                   maintext     0000
__Hpowerup                    powerup      0000
__Hram                        ram          0000
__Hreset_vec                  reset_vec    0000
__Hsfr0                       sfr0         0000
__Hsfr1                       sfr1         0000
__Hsfr2                       sfr2         0000
__Hsfr3                       sfr3         0000
__Hstrings                    strings      0000
__Hstringtext                 stringtext   0000
__Htext                       text         0000
__Labs1                       abs1         0000
__Lbank0                      bank0        0000
__Lbank1                      bank1        0000
__Lbank2                      bank2        0000
__Lbank3                      bank3        0000
__LbssBANK0                   bssBANK0     0000
__Lcinit                      cinit        07ED
__Lclrtext                    clrtext      0000
__Lcode                       code         0000
__Lcommon                     common       0000
__Lconfig                     config       2007
__LcstackBANK0                cstackBANK0  0000
__LcstackCOMMON               cstackCOMMON 0000
__LdataBANK0                  dataBANK0    0000
__Leeprom_data                eeprom_data  0000
__Lend_init                   end_init     0000
__Lfunctab                    functab      0000
__LidataBANK0                 idataBANK0   0000
__Lidloc                      idloc        0000
__Linit                       init         0000
__Linittext                   inittext     0000
__Lintentry                   intentry     0000
__Lmaintext                   maintext     0000
__Lpowerup                    powerup      0000
__Lram                        ram          0000
__Lreset_vec                  reset_vec    0000
__Lsfr0                       sfr0         0000
__Lsfr1                       sfr1         0000
__Lsfr2                       sfr2         0000
__Lsfr3                       sfr3         0000
__Lstrings                    strings      0000
__Lstringtext                 stringtext   0000
__Ltext                       text         0000
__S0                          (abs)        2008
__S1                          (abs)        007E
__S3                          (abs)        0000
___latbits                    (abs)        0002
__end_of_ERASE                stringtext   0832
__end_of_Erase                text11       01A1
__end_of_Forward              text15       0F97
__end_of_Init                 text23       05A9
__end_of_Option               text16       03C9
__end_of_Play                 text2        0279
__end_of_Play_s               text19       0F7A
__end_of_Record               text5        0521
__end_of_Record_s             text17       0135
__end_of_SPI                  stringtext   082A
__end_of_STD                  stringtext   081F
__end_of_Spi                  text1        06C1
__end_of_Stand                text14       07ED
__end_of__initialization      cinit        07FC
__end_of__stringdata          stringtext   09C4
__end_of__stringtab           stringtext   0812
__end_of_analog               text6        0753
__end_of_delay                text29       0FD9
__end_of_e_pulse              text28       0FB6
__end_of_erase                text12       00DC
__end_of_g_erase              text13       0091
__end_of_lcd_clr              text18       0F19
__end_of_lcd_goto             text22       0F2F
__end_of_location             text8        020D
__end_of_main                 maintext     0631
__end_of_message1p            text3        0357
__end_of_message1r            text9        04AD
__end_of_message2p            text4        02E8
__end_of_message2r            text10       043B
__end_of_mic                  text7        0046
__end_of_send_char            text21       0F5D
__end_of_send_config          text27       0F46
__end_of_send_string          text20       1000
__end_of_spi_initialize       text26       0EE4
__end_of_tmr_delay            text24       0F07
__end_of_uc_send_receive_spi  text25       0ED5
__initialization              cinit        07ED
__pbssBANK0                   bssBANK0     002D
__pcstackBANK0                cstackBANK0  0028
__pcstackCOMMON               cstackCOMMON 0070
__pdataBANK0                  dataBANK0    0020
__pidataBANK0                 idataBANK0   0EC0
__pmaintext                   maintext     05A9
__pstringtext                 stringtext   0800
__ptext1                      text1        0631
__ptext10                     text10       03C9
__ptext11                     text11       0135
__ptext12                     text12       0091
__ptext13                     text13       0046
__ptext14                     text14       0753
__ptext15                     text15       0F7A
__ptext16                     text16       0357
__ptext17                     text17       00DC
__ptext18                     text18       0F07
__ptext19                     text19       0F5D
__ptext2                      text2        020D
__ptext20                     text20       0FD9
__ptext21                     text21       0F46
__ptext22                     text22       0F19
__ptext23                     text23       0521
__ptext24                     text24       0EF5
__ptext25                     text25       0EC8
__ptext26                     text26       0ED5
__ptext27                     text27       0F2F
__ptext28                     text28       0F97
__ptext29                     text29       0FB6
__ptext3                      text3        02E8
__ptext4                      text4        0279
__ptext5                      text5        04AD
__ptext6                      text6        06C1
__ptext7                      text7        0009
__ptext8                      text8        01A1
__ptext9                      text9        043B
__size_of_Erase               (abs)        0000
__size_of_Forward             (abs)        0000
__size_of_Init                (abs)        0000
__size_of_Option              (abs)        0000
__size_of_Play                (abs)        0000
__size_of_Play_s              (abs)        0000
__size_of_Record              (abs)        0000
__size_of_Record_s            (abs)        0000
__size_of_Spi                 (abs)        0000
__size_of_Stand               (abs)        0000
__size_of_analog              (abs)        0000
__size_of_delay               (abs)        0000
__size_of_e_pulse             (abs)        0000
__size_of_erase               (abs)        0000
__size_of_g_erase             (abs)        0000
__size_of_lcd_clr             (abs)        0000
__size_of_lcd_goto            (abs)        0000
__size_of_location            (abs)        0000
__size_of_main                (abs)        0000
__size_of_message1p           (abs)        0000
__size_of_message1r           (abs)        0000
__size_of_message2p           (abs)        0000
__size_of_message2r           (abs)        0000
__size_of_mic                 (abs)        0000
__size_of_send_char           (abs)        0000
__size_of_send_config         (abs)        0000
__size_of_send_string         (abs)        0000
__size_of_spi_initialize      (abs)        0000
__size_of_tmr_delay           (abs)        0000
__size_of_uc_send_receive_spi (abs)        0000
__stringbase                  stringtext   0812
__stringdata                  stringtext   0832
__stringtab                   stringtext   0800
_analog                       text6        06C1
_delay                        text29       0FB6
_e_pulse                      text28       0F97
_erase                        text12       0091
_g_erase                      text13       0046
_lcd_clr                      text18       0F07
_lcd_goto                     text22       0F19
_location                     text8        01A1
_main                         maintext     05A9
_message1p                    text3        02E8
_message1r                    text9        043B
_message2p                    text4        0279
_message2r                    text10       03C9
_mic                          text7        0009
_mode                         dataBANK0    0020
_msg                          bssBANK0     002D
_pointer                      bssBANK0     002E
_send_char                    text21       0F46
_send_config                  text27       0F2F
_send_string                  text20       0FD9
_spi_initialize               text26       0ED5
_status                       bssBANK0     002F
_tmr_delay                    text24       0EF5
_uc_send_receive_spi          text25       0EC8
btemp                         (abs)        007E
delay@data                    cstackCOMMON 0070
end_of_initialization         cinit        07FC
init_fetch0                   inittext     0EE4
init_ram0                     inittext     0EE8
intlevel0                     functab      0000
intlevel1                     functab      0000
intlevel2                     functab      0000
intlevel3                     functab      0000
intlevel4                     functab      0000
intlevel5                     functab      0000
lcd_goto@data                 cstackCOMMON 007A
location@i                    cstackCOMMON 007C
main@j                        cstackBANK0  002C
reset_vec                     reset_vec    0000
send_char@data                cstackCOMMON 0078
send_config@data              cstackCOMMON 0078
send_string@s                 cstackCOMMON 0079
start                         init         0000
start_initialization          cinit        07ED
tmr_delay@lenght              cstackCOMMON 0070
uc_send_receive_spi@uc_data   cstackCOMMON 0070
wtemp0                        (abs)        007E


FUNCTION INFORMATION:

 *************** function _main *****************
 Defined at:
		line 99 in file "../../source file/PR17B.c"
 Parameters:    Size  Location     Type
		None
 Auto vars:     Size  Location     Type
  j               1    4[BANK0 ] unsigned char 
 Return value:  Size  Location     Type
		None               void
 Registers used:
		wreg, fsr0l, fsr0h, status,2, status,0, btemp+1, pclath, cstack
 Tracked objects:
		On entry : 
		On exit  : 
		Unchanged: 
 Data sizes:     COMMON   BANK0   BANK1   BANK3   BANK2
      Params:         0       0       0       0       0
      Locals:         0       1       0       0       0
      Temps:          0       1       0       0       0
      Totals:         0       2       0       0       0
Total ram usage:        2 bytes
 Hardware stack levels required when called:    9
 This function calls:
		_Init
		_lcd_clr
		_lcd_goto
		_send_string
		_Stand
		_Erase
		_Spi
 This function is called by:
		Startup code after reset
 This function uses a non-reentrant model


 *************** function _Spi *****************
 Defined at:
		line 298 in file "../../source file/PR17B.c"
 Parameters:    Size  Location     Type
		None
 Auto vars:     Size  Location     Type
  i               1    2[BANK0 ] unsigned char 
 Return value:  Size  Location     Type
		None               void
 Registers used:
		wreg, fsr0l, fsr0h, status,2, status,0, btemp+1, pclath, cstack
 Tracked objects:
		On entry : 
		On exit  : 
		Unchanged: 
 Data sizes:     COMMON   BANK0   BANK1   BANK3   BANK2
      Params:         0       0       0       0       0
      Locals:         0       1       0       0       0
      Temps:          0       1       0       0       0
      Totals:         0       2       0       0       0
Total ram usage:        2 bytes
 Hardware stack levels used:    1
 Hardware stack levels required when called:    8
 This function calls:
		_lcd_clr
		_lcd_goto
		_send_string
		_uc_send_receive_spi
		_tmr_delay
		_Record
		_Play
 This function is called by:
		_main
 This function uses a non-reentrant model


 *************** function _Play *****************
 Defined at:
		line 389 in file "../../source file/PR17B.c"
 Parameters:    Size  Location     Type
		None
 Auto vars:     Size  Location     Type
  i               1   12[COMMON] unsigned char 
 Return value:  Size  Location     Type
		None               void
 Registers used:
		wreg, fsr0l, fsr0h, status,2, status,0, btemp+1, pclath, cstack
 Tracked objects:
		On entry : 
		On exit  : 
		Unchanged: 
 Data sizes:     COMMON   BANK0   BANK1   BANK3   BANK2
      Params:         0       0       0       0       0
      Locals:         1       0       0       0       0
      Temps:          1       0       0       0       0
      Totals:         2       0       0       0       0
Total ram usage:        2 bytes
 Hardware stack levels used:    1
 Hardware stack levels required when called:    5
 This function calls:
		_lcd_clr
		_lcd_goto
		_send_string
		_message2p
		_message1p
 This function is called by:
		_Spi
 This function uses a non-reentrant model


 *************** function _message1p *****************
 Defined at:
		line 466 in file "../../source file/PR17B.c"
 Parameters:    Size  Location     Type
		None
 Auto vars:     Size  Location     Type
		None
 Return value:  Size  Location     Type
		None               void
 Registers used:
		wreg, fsr0l, fsr0h, status,2, status,0, btemp+1, pclath, cstack
 Tracked objects:
		On entry : 
		On exit  : 
		Unchanged: 
 Data sizes:     COMMON   BANK0   BANK1   BANK3   BANK2
      Params:         0       0       0       0       0
      Locals:         0       0       0       0       0
      Temps:          0       0       0       0       0
      Totals:         0       0       0       0       0
Total ram usage:        0 bytes
 Hardware stack levels used:    1
 Hardware stack levels required when called:    4
 This function calls:
		_lcd_clr
		_lcd_goto
		_send_string
		_uc_send_receive_spi
		_tmr_delay
 This function is called by:
		_Play
 This function uses a non-reentrant model


 *************** function _message2p *****************
 Defined at:
		line 488 in file "../../source file/PR17B.c"
 Parameters:    Size  Location     Type
		None
 Auto vars:     Size  Location     Type
		None
 Return value:  Size  Location     Type
		None               void
 Registers used:
		wreg, fsr0l, fsr0h, status,2, status,0, btemp+1, pclath, cstack
 Tracked objects:
		On entry : 
		On exit  : 
		Unchanged: 
 Data sizes:     COMMON   BANK0   BANK1   BANK3   BANK2
      Params:         0       0       0       0       0
      Locals:         0       0       0       0       0
      Temps:          0       0       0       0       0
      Totals:         0       0       0       0       0
Total ram usage:        0 bytes
 Hardware stack levels used:    1
 Hardware stack levels required when called:    4
 This function calls:
		_lcd_clr
		_lcd_goto
		_send_string
		_uc_send_receive_spi
		_tmr_delay
 This function is called by:
		_Play
 This function uses a non-reentrant model


 *************** function _Record *****************
 Defined at:
		line 428 in file "../../source file/PR17B.c"
 Parameters:    Size  Location     Type
		None
 Auto vars:     Size  Location     Type
  i               1    0[BANK0 ] unsigned char 
 Return value:  Size  Location     Type
		None               void
 Registers used:
		wreg, fsr0l, fsr0h, status,2, status,0, btemp+1, pclath, cstack
 Tracked objects:
		On entry : 
		On exit  : 
		Unchanged: 
 Data sizes:     COMMON   BANK0   BANK1   BANK3   BANK2
      Params:         0       0       0       0       0
      Locals:         0       1       0       0       0
      Temps:          1       0       0       0       0
      Totals:         1       1       0       0       0
Total ram usage:        2 bytes
 Hardware stack levels used:    1
 Hardware stack levels required when called:    7
 This function calls:
		_lcd_clr
		_lcd_goto
		_send_string
		_mic
		_analog
 This function is called by:
		_Spi
 This function uses a non-reentrant model


 *************** function _analog *****************
 Defined at:
		line 596 in file "../../source file/PR17B.c"
 Parameters:    Size  Location     Type
		None
 Auto vars:     Size  Location     Type
		None
 Return value:  Size  Location     Type
		None               void
 Registers used:
		wreg, fsr0l, fsr0h, status,2, status,0, btemp+1, pclath, cstack
 Tracked objects:
		On entry : 
		On exit  : 
		Unchanged: 
 Data sizes:     COMMON   BANK0   BANK1   BANK3   BANK2
      Params:         0       0       0       0       0
      Locals:         0       0       0       0       0
      Temps:          0       0       0       0       0
      Totals:         0       0       0       0       0
Total ram usage:        0 bytes
 Hardware stack levels used:    1
 Hardware stack levels required when called:    6
 This function calls:
		_uc_send_receive_spi
		_tmr_delay
		_location
 This function is called by:
		_Record
 This function uses a non-reentrant model


 *************** function _mic *****************
 Defined at:
		line 638 in file "../../source file/PR17B.c"
 Parameters:    Size  Location     Type
		None
 Auto vars:     Size  Location     Type
		None
 Return value:  Size  Location     Type
		None               void
 Registers used:
		wreg, fsr0l, fsr0h, status,2, status,0, btemp+1, pclath, cstack
 Tracked objects:
		On entry : 
		On exit  : 
		Unchanged: 
 Data sizes:     COMMON   BANK0   BANK1   BANK3   BANK2
      Params:         0       0       0       0       0
      Locals:         0       0       0       0       0
      Temps:          0       0       0       0       0
      Totals:         0       0       0       0       0
Total ram usage:        0 bytes
 Hardware stack levels used:    1
 Hardware stack levels required when called:    6
 This function calls:
		_uc_send_receive_spi
		_tmr_delay
		_location
 This function is called by:
		_Record
 This function uses a non-reentrant model


 *************** function _location *****************
 Defined at:
		line 510 in file "../../source file/PR17B.c"
 Parameters:    Size  Location     Type
		None
 Auto vars:     Size  Location     Type
  i               1   12[COMMON] unsigned char 
 Return value:  Size  Location     Type
		None               void
 Registers used:
		wreg, fsr0l, fsr0h, status,2, status,0, btemp+1, pclath, cstack
 Tracked objects:
		On entry : 
		On exit  : 
		Unchanged: 
 Data sizes:     COMMON   BANK0   BANK1   BANK3   BANK2
      Params:         0       0       0       0       0
      Locals:         1       0       0       0       0
      Temps:          1       0       0       0       0
      Totals:         2       0       0       0       0
Total ram usage:        2 bytes
 Hardware stack levels used:    1
 Hardware stack levels required when called:    5
 This function calls:
		_lcd_clr
		_lcd_goto
		_send_string
		_message2r
		_message1r
 This function is called by:
		_analog
		_mic
 This function uses a non-reentrant model


 *************** function _message1r *****************
 Defined at:
		line 550 in file "../../source file/PR17B.c"
 Parameters:    Size  Location     Type
		None
 Auto vars:     Size  Location     Type
		None
 Return value:  Size  Location     Type
		None               void
 Registers used:
		wreg, fsr0l, fsr0h, status,2, status,0, btemp+1, pclath, cstack
 Tracked objects:
		On entry : 
		On exit  : 
		Unchanged: 
 Data sizes:     COMMON   BANK0   BANK1   BANK3   BANK2
      Params:         0       0       0       0       0
      Locals:         0       0       0       0       0
      Temps:          0       0       0       0       0
      Totals:         0       0       0       0       0
Total ram usage:        0 bytes
 Hardware stack levels used:    1
 Hardware stack levels required when called:    4
 This function calls:
		_lcd_clr
		_lcd_goto
		_send_string
		_uc_send_receive_spi
		_tmr_delay
 This function is called by:
		_location
 This function uses a non-reentrant model


 *************** function _message2r *****************
 Defined at:
		line 573 in file "../../source file/PR17B.c"
 Parameters:    Size  Location     Type
		None
 Auto vars:     Size  Location     Type
		None
 Return value:  Size  Location     Type
		None               void
 Registers used:
		wreg, fsr0l, fsr0h, status,2, status,0, btemp+1, pclath, cstack
 Tracked objects:
		On entry : 
		On exit  : 
		Unchanged: 
 Data sizes:     COMMON   BANK0   BANK1   BANK3   BANK2
      Params:         0       0       0       0       0
      Locals:         0       0       0       0       0
      Temps:          0       0       0       0       0
      Totals:         0       0       0       0       0
Total ram usage:        0 bytes
 Hardware stack levels used:    1
 Hardware stack levels required when called:    4
 This function calls:
		_lcd_clr
		_lcd_goto
		_send_string
		_uc_send_receive_spi
		_tmr_delay
 This function is called by:
		_location
 This function uses a non-reentrant model


 *************** function _Erase *****************
 Defined at:
		line 745 in file "../../source file/PR17B.c"
 Parameters:    Size  Location     Type
		None
 Auto vars:     Size  Location     Type
  i               1   12[COMMON] unsigned char 
 Return value:  Size  Location     Type
		None               void
 Registers used:
		wreg, fsr0l, fsr0h, status,2, status,0, btemp+1, pclath, cstack
 Tracked objects:
		On entry : 
		On exit  : 
		Unchanged: 
 Data sizes:     COMMON   BANK0   BANK1   BANK3   BANK2
      Params:         0       0       0       0       0
      Locals:         1       0       0       0       0
      Temps:          1       0       0       0       0
      Totals:         2       0       0       0       0
Total ram usage:        2 bytes
 Hardware stack levels used:    1
 Hardware stack levels required when called:    5
 This function calls:
		_lcd_clr
		_lcd_goto
		_send_string
		_g_erase
		_erase
 This function is called by:
		_main
 This function uses a non-reentrant model


 *************** function _erase *****************
 Defined at:
		line 784 in file "../../source file/PR17B.c"
 Parameters:    Size  Location     Type
		None
 Auto vars:     Size  Location     Type
		None
 Return value:  Size  Location     Type
		None               void
 Registers used:
		wreg, fsr0l, fsr0h, status,2, status,0, btemp+1, pclath, cstack
 Tracked objects:
		On entry : 
		On exit  : 
		Unchanged: 
 Data sizes:     COMMON   BANK0   BANK1   BANK3   BANK2
      Params:         0       0       0       0       0
      Locals:         0       0       0       0       0
      Temps:          0       0       0       0       0
      Totals:         0       0       0       0       0
Total ram usage:        0 bytes
 Hardware stack levels used:    1
 Hardware stack levels required when called:    4
 This function calls:
		_lcd_clr
		_lcd_goto
		_send_string
		_uc_send_receive_spi
		_tmr_delay
 This function is called by:
		_Erase
 This function uses a non-reentrant model


 *************** function _g_erase *****************
 Defined at:
		line 804 in file "../../source file/PR17B.c"
 Parameters:    Size  Location     Type
		None
 Auto vars:     Size  Location     Type
		None
 Return value:  Size  Location     Type
		None               void
 Registers used:
		wreg, fsr0l, fsr0h, status,2, status,0, btemp+1, pclath, cstack
 Tracked objects:
		On entry : 
		On exit  : 
		Unchanged: 
 Data sizes:     COMMON   BANK0   BANK1   BANK3   BANK2
      Params:         0       0       0       0       0
      Locals:         0       0       0       0       0
      Temps:          0       0       0       0       0
      Totals:         0       0       0       0       0
Total ram usage:        0 bytes
 Hardware stack levels used:    1
 Hardware stack levels required when called:    4
 This function calls:
		_lcd_clr
		_lcd_goto
		_send_string
		_uc_send_receive_spi
		_tmr_delay
 This function is called by:
		_Erase
 This function uses a non-reentrant model


 *************** function _Stand *****************
 Defined at:
		line 342 in file "../../source file/PR17B.c"
 Parameters:    Size  Location     Type
		None
 Auto vars:     Size  Location     Type
  i               1    0[BANK0 ] unsigned char 
 Return value:  Size  Location     Type
		None               void
 Registers used:
		wreg, fsr0l, fsr0h, status,2, status,0, btemp+1, pclath, cstack
 Tracked objects:
		On entry : 
		On exit  : 
		Unchanged: 
 Data sizes:     COMMON   BANK0   BANK1   BANK3   BANK2
      Params:         0       0       0       0       0
      Locals:         0       1       0       0       0
      Temps:          1       0       0       0       0
      Totals:         1       1       0       0       0
Total ram usage:        2 bytes
 Hardware stack levels used:    1
 Hardware stack levels required when called:    6
 This function calls:
		_lcd_clr
		_lcd_goto
		_send_string
		_uc_send_receive_spi
		_Play_s
		_Option
		_Forward
 This function is called by:
		_main
 This function uses a non-reentrant model


 *************** function _Forward *****************
 Defined at:
		line 657 in file "../../source file/PR17B.c"
 Parameters:    Size  Location     Type
		None
 Auto vars:     Size  Location     Type
		None
 Return value:  Size  Location     Type
		None               void
 Registers used:
		wreg, fsr0l, fsr0h, status,2, status,0, btemp+1, pclath, cstack
 Tracked objects:
		On entry : 
		On exit  : 
		Unchanged: 
 Data sizes:     COMMON   BANK0   BANK1   BANK3   BANK2
      Params:         0       0       0       0       0
      Locals:         0       0       0       0       0
      Temps:          0       0       0       0       0
      Totals:         0       0       0       0       0
Total ram usage:        0 bytes
 Hardware stack levels used:    1
 Hardware stack levels required when called:    4
 This function calls:
		_lcd_goto
		_send_string
		_tmr_delay
 This function is called by:
		_Stand
 This function uses a non-reentrant model


 *************** function _Option *****************
 Defined at:
		line 675 in file "../../source file/PR17B.c"
 Parameters:    Size  Location     Type
		None
 Auto vars:     Size  Location     Type
  i               1   12[COMMON] unsigned char 
 Return value:  Size  Location     Type
		None               void
 Registers used:
		wreg, fsr0l, fsr0h, status,2, status,0, btemp+1, pclath, cstack
 Tracked objects:
		On entry : 
		On exit  : 
		Unchanged: 
 Data sizes:     COMMON   BANK0   BANK1   BANK3   BANK2
      Params:         0       0       0       0       0
      Locals:         1       0       0       0       0
      Temps:          1       0       0       0       0
      Totals:         2       0       0       0       0
Total ram usage:        2 bytes
 Hardware stack levels used:    1
 Hardware stack levels required when called:    5
 This function calls:
		_lcd_clr
		_lcd_goto
		_send_string
		_Record_s
 This function is called by:
		_Stand
 This function uses a non-reentrant model


 *************** function _Record_s *****************
 Defined at:
		line 713 in file "../../source file/PR17B.c"
 Parameters:    Size  Location     Type
		None
 Auto vars:     Size  Location     Type
		None
 Return value:  Size  Location     Type
		None               void
 Registers used:
		wreg, fsr0l, fsr0h, status,2, status,0, btemp+1, pclath, cstack
 Tracked objects:
		On entry : 
		On exit  : 
		Unchanged: 
 Data sizes:     COMMON   BANK0   BANK1   BANK3   BANK2
      Params:         0       0       0       0       0
      Locals:         0       0       0       0       0
      Temps:          0       0       0       0       0
      Totals:         0       0       0       0       0
Total ram usage:        0 bytes
 Hardware stack levels used:    1
 Hardware stack levels required when called:    4
 This function calls:
		_lcd_clr
		_lcd_goto
		_send_string
 This function is called by:
		_Option
 This function uses a non-reentrant model


 *************** function _lcd_clr *****************
 Defined at:
		line 285 in file "../../source file/PR17B.c"
 Parameters:    Size  Location     Type
		None
 Auto vars:     Size  Location     Type
		None
 Return value:  Size  Location     Type
		None               void
 Registers used:
		wreg, status,2, status,0, pclath, cstack
 Tracked objects:
		On entry : 
		On exit  : 
		Unchanged: 
 Data sizes:     COMMON   BANK0   BANK1   BANK3   BANK2
      Params:         0       0       0       0       0
      Locals:         0       0       0       0       0
      Temps:          0       0       0       0       0
      Totals:         0       0       0       0       0
Total ram usage:        0 bytes
 Hardware stack levels used:    1
 Hardware stack levels required when called:    3
 This function calls:
		_send_config
		_delay
 This function is called by:
		_main
		_Spi
		_Stand
		_Play
		_Record
		_message1p
		_message2p
		_location
		_message1r
		_message2r
		_Option
		_Record_s
		_Erase
		_erase
		_g_erase
 This function uses a non-reentrant model


 *************** function _Play_s *****************
 Defined at:
		line 666 in file "../../source file/PR17B.c"
 Parameters:    Size  Location     Type
		None
 Auto vars:     Size  Location     Type
		None
 Return value:  Size  Location     Type
		None               void
 Registers used:
		wreg, fsr0l, fsr0h, status,2, status,0, btemp+1, pclath, cstack
 Tracked objects:
		On entry : 
		On exit  : 
		Unchanged: 
 Data sizes:     COMMON   BANK0   BANK1   BANK3   BANK2
      Params:         0       0       0       0       0
      Locals:         0       0       0       0       0
      Temps:          0       0       0       0       0
      Totals:         0       0       0       0       0
Total ram usage:        0 bytes
 Hardware stack levels used:    1
 Hardware stack levels required when called:    4
 This function calls:
		_lcd_goto
		_send_string
		_tmr_delay
 This function is called by:
		_Stand
 This function uses a non-reentrant model


 *************** function _send_string *****************
 Defined at:
		line 291 in file "../../source file/PR17B.c"
 Parameters:    Size  Location     Type
  s               2    9[COMMON] PTR const unsigned char 
		 -> STR_51(15), STR_50(7), STR_49(16), STR_48(16), 
		 -> STR_47(16), STR_46(9), STR_45(12), STR_44(8), 
		 -> STR_43(15), STR_42(11), STR_41(16), STR_40(16), 
		 -> STR_39(16), STR_38(7), STR_37(12), STR_36(12), 
		 -> STR_35(11), STR_34(17), STR_33(16), STR_32(11), 
		 -> STR_31(16), STR_30(16), STR_29(13), STR_28(13), 
		 -> STR_27(13), STR_26(9), STR_25(11), STR_24(17), 
		 -> STR_23(14), STR_22(11), STR_21(16), STR_20(14), 
		 -> STR_19(16), STR_18(16), STR_17(16), STR_16(7), 
		 -> STR_15(16), STR_14(13), STR_13(16), STR_12(9), 
		 -> STR_11(12), STR_10(12), STR_9(12), STR_8(11), 
		 -> STR_7(12), STR_6(11), STR_5(10), STR_4(11), 
		 -> STR_3(12), STR_2(13), STR_1(12), ERASE(8), 
		 -> STD(13), SPI(11), 
 Auto vars:     Size  Location     Type
		None
 Return value:  Size  Location     Type
		None               void
 Registers used:
		wreg, fsr0l, fsr0h, status,2, status,0, btemp+1, pclath, cstack
 Tracked objects:
		On entry : 
		On exit  : 
		Unchanged: 
 Data sizes:     COMMON   BANK0   BANK1   BANK3   BANK2
      Params:         2       0       0       0       0
      Locals:         0       0       0       0       0
      Temps:          0       0       0       0       0
      Totals:         2       0       0       0       0
Total ram usage:        2 bytes
 Hardware stack levels used:    1
 Hardware stack levels required when called:    3
 This function calls:
		_send_char
 This function is called by:
		_main
		_Spi
		_Stand
		_Play
		_Record
		_message1p
		_message2p
		_location
		_message1r
		_message2r
		_Forward
		_Play_s
		_Option
		_Record_s
		_Erase
		_erase
		_g_erase
 This function uses a non-reentrant model


 *************** function _send_char *****************
 Defined at:
		line 256 in file "../../source file/PR17B.c"
 Parameters:    Size  Location     Type
  data            1    wreg     unsigned char 
 Auto vars:     Size  Location     Type
  data            1    8[COMMON] unsigned char 
 Return value:  Size  Location     Type
		None               void
 Registers used:
		wreg, status,2, status,0, pclath, cstack
 Tracked objects:
		On entry : 
		On exit  : 
		Unchanged: 
 Data sizes:     COMMON   BANK0   BANK1   BANK3   BANK2
      Params:         0       0       0       0       0
      Locals:         1       0       0       0       0
      Temps:          0       0       0       0       0
      Totals:         1       0       0       0       0
Total ram usage:        1 bytes
 Hardware stack levels used:    1
 Hardware stack levels required when called:    2
 This function calls:
		_delay
		_e_pulse
 This function is called by:
		_send_string
 This function uses a non-reentrant model


 *************** function _lcd_goto *****************
 Defined at:
		line 272 in file "../../source file/PR17B.c"
 Parameters:    Size  Location     Type
  data            1    wreg     unsigned char 
 Auto vars:     Size  Location     Type
  data            1   10[COMMON] unsigned char 
 Return value:  Size  Location     Type
		None               void
 Registers used:
		wreg, status,2, status,0, pclath, cstack
 Tracked objects:
		On entry : 
		On exit  : 
		Unchanged: 
 Data sizes:     COMMON   BANK0   BANK1   BANK3   BANK2
      Params:         0       0       0       0       0
      Locals:         1       0       0       0       0
      Temps:          1       0       0       0       0
      Totals:         2       0       0       0       0
Total ram usage:        2 bytes
 Hardware stack levels used:    1
 Hardware stack levels required when called:    3
 This function calls:
		_send_config
 This function is called by:
		_main
		_Spi
		_Stand
		_Play
		_Record
		_message1p
		_message2p
		_location
		_message1r
		_message2r
		_Forward
		_Play_s
		_Option
		_Record_s
		_Erase
		_erase
		_g_erase
 This function uses a non-reentrant model


 *************** function _Init *****************
 Defined at:
		line 140 in file "../../source file/PR17B.c"
 Parameters:    Size  Location     Type
		None
 Auto vars:     Size  Location     Type
		None
 Return value:  Size  Location     Type
		None               void
 Registers used:
		wreg, status,2, status,0, pclath, cstack
 Tracked objects:
		On entry : 
		On exit  : 
		Unchanged: 
 Data sizes:     COMMON   BANK0   BANK1   BANK3   BANK2
      Params:         0       0       0       0       0
      Locals:         0       0       0       0       0
      Temps:          0       0       0       0       0
      Totals:         0       0       0       0       0
Total ram usage:        0 bytes
 Hardware stack levels used:    1
 Hardware stack levels required when called:    3
 This function calls:
		_send_config
		_spi_initialize
		_uc_send_receive_spi
		_tmr_delay
 This function is called by:
		_main
 This function uses a non-reentrant model


 *************** function _tmr_delay *****************
 Defined at:
		line 239 in file "../../source file/PR17B.c"
 Parameters:    Size  Location     Type
  lenght          2    0[COMMON] unsigned short 
 Auto vars:     Size  Location     Type
		None
 Return value:  Size  Location     Type
		None               void
 Registers used:
		wreg, status,2, status,0
 Tracked objects:
		On entry : 
		On exit  : 
		Unchanged: 
 Data sizes:     COMMON   BANK0   BANK1   BANK3   BANK2
      Params:         2       0       0       0       0
      Locals:         0       0       0       0       0
      Temps:          0       0       0       0       0
      Totals:         2       0       0       0       0
Total ram usage:        2 bytes
 Hardware stack levels used:    1
 This function calls:
		Nothing
 This function is called by:
		_Init
		_Spi
		_message1p
		_message2p
		_message1r
		_message2r
		_analog
		_mic
		_Forward
		_Play_s
		_erase
		_g_erase
 This function uses a non-reentrant model


 *************** function _uc_send_receive_spi *****************
 Defined at:
		line 221 in file "../../source file/PR17B.c"
 Parameters:    Size  Location     Type
  uc_data         1    wreg     unsigned char 
 Auto vars:     Size  Location     Type
  uc_data         1    0[COMMON] unsigned char 
 Return value:  Size  Location     Type
                  1    wreg      unsigned char 
 Registers used:
		wreg
 Tracked objects:
		On entry : 
		On exit  : 
		Unchanged: 
 Data sizes:     COMMON   BANK0   BANK1   BANK3   BANK2
      Params:         0       0       0       0       0
      Locals:         1       0       0       0       0
      Temps:          0       0       0       0       0
      Totals:         1       0       0       0       0
Total ram usage:        1 bytes
 Hardware stack levels used:    1
 This function calls:
		Nothing
 This function is called by:
		_Init
		_Spi
		_Stand
		_message1p
		_message2p
		_message1r
		_message2r
		_analog
		_mic
		_erase
		_g_erase
 This function uses a non-reentrant model


 *************** function _spi_initialize *****************
 Defined at:
		line 194 in file "../../source file/PR17B.c"
 Parameters:    Size  Location     Type
		None
 Auto vars:     Size  Location     Type
		None
 Return value:  Size  Location     Type
		None               void
 Registers used:
		None
 Tracked objects:
		On entry : 
		On exit  : 
		Unchanged: 
 Data sizes:     COMMON   BANK0   BANK1   BANK3   BANK2
      Params:         0       0       0       0       0
      Locals:         0       0       0       0       0
      Temps:          0       0       0       0       0
      Totals:         0       0       0       0       0
Total ram usage:        0 bytes
 Hardware stack levels used:    1
 This function calls:
		Nothing
 This function is called by:
		_Init
 This function uses a non-reentrant model


 *************** function _send_config *****************
 Defined at:
		line 248 in file "../../source file/PR17B.c"
 Parameters:    Size  Location     Type
  data            1    wreg     unsigned char 
 Auto vars:     Size  Location     Type
  data            1    8[COMMON] unsigned char 
 Return value:  Size  Location     Type
		None               void
 Registers used:
		wreg, status,2, status,0, pclath, cstack
 Tracked objects:
		On entry : 
		On exit  : 
		Unchanged: 
 Data sizes:     COMMON   BANK0   BANK1   BANK3   BANK2
      Params:         0       0       0       0       0
      Locals:         1       0       0       0       0
      Temps:          0       0       0       0       0
      Totals:         1       0       0       0       0
Total ram usage:        1 bytes
 Hardware stack levels used:    1
 Hardware stack levels required when called:    2
 This function calls:
		_delay
		_e_pulse
 This function is called by:
		_Init
		_lcd_goto
		_lcd_clr
 This function uses a non-reentrant model


 *************** function _e_pulse *****************
 Defined at:
		line 264 in file "../../source file/PR17B.c"
 Parameters:    Size  Location     Type
		None
 Auto vars:     Size  Location     Type
		None
 Return value:  Size  Location     Type
		None               void
 Registers used:
		wreg, status,2, status,0, pclath, cstack
 Tracked objects:
		On entry : 
		On exit  : 
		Unchanged: 
 Data sizes:     COMMON   BANK0   BANK1   BANK3   BANK2
      Params:         0       0       0       0       0
      Locals:         0       0       0       0       0
      Temps:          0       0       0       0       0
      Totals:         0       0       0       0       0
Total ram usage:        0 bytes
 Hardware stack levels used:    1
 Hardware stack levels required when called:    1
 This function calls:
		_delay
 This function is called by:
		_send_config
		_send_char
 This function uses a non-reentrant model


 *************** function _delay *****************
 Defined at:
		line 234 in file "../../source file/PR17B.c"
 Parameters:    Size  Location     Type
  data            4    0[COMMON] unsigned long 
 Auto vars:     Size  Location     Type
		None
 Return value:  Size  Location     Type
		None               void
 Registers used:
		wreg
 Tracked objects:
		On entry : 
		On exit  : 
		Unchanged: 
 Data sizes:     COMMON   BANK0   BANK1   BANK3   BANK2
      Params:         4       0       0       0       0
      Locals:         0       0       0       0       0
      Temps:          4       0       0       0       0
      Totals:         8       0       0       0       0
Total ram usage:        8 bytes
 Hardware stack levels used:    1
 This function calls:
		Nothing
 This function is called by:
		_send_config
		_send_char
		_e_pulse
		_lcd_clr
 This function uses a non-reentrant model



MODULE INFORMATION

Module		Function		Class		Link	Load	Size
shared
		__stringtab    		STRCODE        	0800	0000	18
		__stringdata   		STRCODE        	0832	0000	402
		_ERASE         		STRCODE        	082A	0000	8
		__initializatio		CODE           	07ED	0000	15
		_STD           		STRCODE        	0812	0000	13
		_SPI           		STRCODE        	081F	0000	11

shared estimated size: 467

../../source file/PR17B.c
		_erase         		CODE           	0091	0000	75
		_Forward       		CODE           	0F7A	0000	29
		_g_erase       		CODE           	0046	0000	75
		_delay         		CODE           	0FB6	0000	35
		_Option        		CODE           	0357	0000	114
		_Stand         		CODE           	0753	0000	154
		_Record_s      		CODE           	00DC	0000	89
		_main          		CODE           	05A9	0000	136
		_lcd_clr       		CODE           	0F07	0000	18
		_analog        		CODE           	06C1	0000	146
		_lcd_goto      		CODE           	0F19	0000	22
		_send_string   		CODE           	0FD9	0000	39
		_send_config   		CODE           	0F2F	0000	23
		_location      		CODE           	01A1	0000	108
		_uc_send_receiv		CODE           	0EC8	0000	13
		_Erase         		CODE           	0135	0000	108
		_e_pulse       		CODE           	0F97	0000	31
		_Init          		CODE           	0521	0000	136
		_Play_s        		CODE           	0F5D	0000	29
		_mic           		CODE           	0009	0000	61
		_send_char     		CODE           	0F46	0000	23
		_spi_initialize		CODE           	0ED5	0000	15
		_Play          		CODE           	020D	0000	108
		_message1p     		CODE           	02E8	0000	111
		_message2p     		CODE           	0279	0000	111
		_message1r     		CODE           	043B	0000	114
		_message2r     		CODE           	03C9	0000	114
		_Spi           		CODE           	0631	0000	144
		_Record        		CODE           	04AD	0000	116
		_tmr_delay     		CODE           	0EF5	0000	18

../../source file/PR17B.c estimated size: 2315

